// Jest Snapshot v1, https://goo.gl/fbAQLP

exports[`should render AddPlaylistPage correctly 1`] = `
<div>
  <div
    className="page-header"
  >
    <div
      className="content-container-body"
    >
      <h3
        className="page-header__title"
      >
        เพิ่มรายการสวดมนต์
      </h3>
    </div>
  </div>
  <div
    className="content-container-body"
  >
    <Connect(PlaylistForm)
      onSubmit={[Function]}
    />
  </div>
</div>
`;
