// Jest Snapshot v1, https://goo.gl/fbAQLP

exports[`should render Checkbox correctly 1`] = `
<div>
  <label
    className="checkbox"
    htmlFor="เขมาเขมสรณคมนปริทีปิกาคาถา"
  >
    <input
      id="เขมาเขมสรณคมนปริทีปิกาคาถา"
      onChange={[Function]}
      type="checkbox"
      value="เขมาเขมสรณคมนปริทีปิกาคาถา"
    />
    <div
      className="checkbox-content"
    >
      <span />
      <p
        className="checkbox-content__title"
      >
        เขมาเขมสรณคมนปริทีปิกาคาถา
      </p>
    </div>
  </label>
</div>
`;
