// Jest Snapshot v1, https://goo.gl/fbAQLP

exports[`should render EditPlaylistPage correctly 1`] = `
<div>
  <div
    className="page-header"
  >
    <div
      className="content-container-body"
    >
      <h3
        className="page-header__title"
      >
        แก้ไขรายการสวดมนต์
      </h3>
    </div>
  </div>
  <div
    className="content-container-body"
  >
    <Connect(PlaylistForm)
      onSubmit={[Function]}
      playlist={
        Object {
          "description": "Playlist name one",
          "id": "1",
          "lists": Array [
            "คำทำวัตรเช้า",
            "ตังขณิกปัจจเวกขณปาฐะ",
            "บทพิจารณาสังขาร",
          ],
        }
      }
    />
  </div>
</div>
`;
