// Jest Snapshot v1, https://goo.gl/fbAQLP

exports[`should render Header correctly 1`] = `
<header>
  <h1>
    สวดมนต์แปล
  </h1>
  <NavLink
    activeClassName="is-active"
    ariaCurrent="true"
    to="/trans-prayers"
  >
    สารบัญ
  </NavLink>
  <NavLink
    activeClassName="is-active"
    ariaCurrent="true"
    to="/playlists"
  >
    รายการ
  </NavLink>
  <NavLink
    activeClassName="is-active"
    ariaCurrent="true"
    to="/about"
  >
    เกี่ยวกับ
  </NavLink>
  <button
    onClick={[Function]}
  >
    Logout
  </button>
</header>
`;
