// Jest Snapshot v1, https://goo.gl/fbAQLP

exports[`should render MyPlaylistList correctly 1`] = `
<div
  className="content-container-body content-container-player"
>
  <Connect(LyricsPage)
    handleCloseModal={[Function]}
    index={0}
    openModal={false}
    playlists={
      Array [
        Object {
          "category": "บทสวดมนต์ภาคเย็น",
          "duration": 155.99425,
          "filename": "11_เขมาเขมสรณคมนปริทีปิกาคาถา.mp3",
          "id": "11",
          "lyrics": Array [
            "abc",
            "dfg",
          ],
          "precept": "เขมาเขมสรณคมนปริทีปิกาคาถา",
        },
        Object {
          "category": "บทสวดมนต์ภาคเย็น",
          "duration": 99.99425,
          "filename": "12_อริยธนคาถา.mp3",
          "id": "12",
          "lyrics": Array [
            "123",
            "456",
          ],
          "precept": "อริยธนคาถา",
        },
        Object {
          "category": "บทสวดมนต์ภาคเย็น",
          "duration": 212.99425,
          "filename": "13_ติลักขณาทิคาถา.mp3",
          "id": "13",
          "lyrics": Array [
            "789",
            "123",
          ],
          "precept": "ติลักขณาทิคาถา",
        },
      ]
    }
  />
  <div
    className="list-header"
  >
    <PlayerOptions
      onClosePlayer={[Function]}
    />
  </div>
  <div
    className="list-item"
    key="0"
  >
    <MyPlaylistListItem
      category="บทสวดมนต์ภาคเย็น"
      duration={155.99425}
      filename="11_เขมาเขมสรณคมนปริทีปิกาคาถา.mp3"
      id="11"
      lyrics={
        Array [
          "abc",
          "dfg",
        ]
      }
      precept="เขมาเขมสรณคมนปริทีปิกาคาถา"
    />
    <button
      className="music-button"
      onClick={[Function]}
    >
      <img
        src="/images/play.png"
      />
    </button>
  </div>
  <div
    className="list-item"
    key="1"
  >
    <MyPlaylistListItem
      category="บทสวดมนต์ภาคเย็น"
      duration={99.99425}
      filename="12_อริยธนคาถา.mp3"
      id="12"
      lyrics={
        Array [
          "123",
          "456",
        ]
      }
      precept="อริยธนคาถา"
    />
    <button
      className="music-button"
      onClick={[Function]}
    >
      <img
        src="/images/play.png"
      />
    </button>
  </div>
  <div
    className="list-item"
    key="2"
  >
    <MyPlaylistListItem
      category="บทสวดมนต์ภาคเย็น"
      duration={212.99425}
      filename="13_ติลักขณาทิคาถา.mp3"
      id="13"
      lyrics={
        Array [
          "789",
          "123",
        ]
      }
      precept="ติลักขณาทิคาถา"
    />
    <button
      className="music-button"
      onClick={[Function]}
    >
      <img
        src="/images/play.png"
      />
    </button>
  </div>
  <Connect(Player)
    playlists={
      Array [
        Object {
          "category": "บทสวดมนต์ภาคเย็น",
          "duration": 155.99425,
          "filename": "11_เขมาเขมสรณคมนปริทีปิกาคาถา.mp3",
          "id": "11",
          "lyrics": Array [
            "abc",
            "dfg",
          ],
          "precept": "เขมาเขมสรณคมนปริทีปิกาคาถา",
        },
        Object {
          "category": "บทสวดมนต์ภาคเย็น",
          "duration": 99.99425,
          "filename": "12_อริยธนคาถา.mp3",
          "id": "12",
          "lyrics": Array [
            "123",
            "456",
          ],
          "precept": "อริยธนคาถา",
        },
        Object {
          "category": "บทสวดมนต์ภาคเย็น",
          "duration": 212.99425,
          "filename": "13_ติลักขณาทิคาถา.mp3",
          "id": "13",
          "lyrics": Array [
            "789",
            "123",
          ],
          "precept": "ติลักขณาทิคาถา",
        },
      ]
    }
  />
</div>
`;
