// Jest Snapshot v1, https://goo.gl/fbAQLP

exports[`should render Player correctly 1`] = `
<div
  className="player-container"
>
  <ProgressBar
    active={false}
    bsClass="progress-bar"
    bsStyle="warning"
    isChild={false}
    max={100}
    min={0}
    srOnly={false}
    striped={false}
  />
  <div
    className="player"
  >
    <div>
      <ReactPlayer
        config={
          Object {
            "dailymotion": Object {
              "params": Object {
                "api": 1,
                "endscreen-enable": false,
              },
              "preload": false,
            },
            "facebook": Object {
              "appId": "1309697205772819",
            },
            "file": Object {
              "attributes": Object {},
              "forceAudio": false,
              "forceDASH": false,
              "forceHLS": false,
              "hlsOptions": Object {},
              "tracks": Array [],
            },
            "mixcloud": Object {
              "options": Object {
                "hide_cover": 1,
              },
            },
            "soundcloud": Object {
              "options": Object {
                "buying": false,
                "download": false,
                "liking": false,
                "sharing": false,
                "show_comments": false,
                "show_playcount": false,
                "visual": true,
              },
            },
            "vimeo": Object {
              "playerOptions": Object {
                "autopause": false,
                "autoplay": false,
                "byline": false,
                "portrait": false,
                "title": false,
              },
              "preload": false,
            },
            "wistia": Object {
              "options": Object {},
            },
            "youtube": Object {
              "playerVars": Object {
                "autoplay": 0,
                "iv_load_policy": 3,
                "modestbranding": 1,
                "playsinline": 1,
                "rel": 0,
                "showinfo": 0,
              },
              "preload": false,
            },
          }
        }
        controls={false}
        height="100%"
        loop={false}
        muted={false}
        onBuffer={[Function]}
        onDuration={[Function]}
        onEnded={[Function]}
        onError={[Function]}
        onPause={[Function]}
        onPlay={[Function]}
        onProgress={[Function]}
        onReady={[Function]}
        onSeek={[Function]}
        onStart={[Function]}
        playbackRate={1}
        playing={false}
        playsinline={false}
        progressInterval={1000}
        style={Object {}}
        url="https://s3-ap-southeast-1.amazonaws.com/transprayer/mp3/11_เขมาเขมสรณคมนปริทีปิกาคาถา.mp3.mp3"
        volume={0.8}
        width="100%"
        wrapper="div"
      />
      <button
        className="music-button"
        disabled={true}
        onClick={[Function]}
      >
        <img
          src="/images/prev.png"
        />
      </button>
      <button
        className="music-button"
        onClick={[Function]}
      >
        <img
          src="/images/play.png"
        />
      </button>
      <button
        className="music-button"
        disabled={false}
        onClick={[Function]}
      >
        <img
          src="/images/next.png"
        />
      </button>
    </div>
    <div
      className="player-content"
    >
      <h3
        className="player-title"
      >
        Loading...
      </h3>
      <p
        className="player-timer"
      >
        0.00
         / 
        0.00
      </p>
    </div>
  </div>
</div>
`;
