// Jest Snapshot v1, https://goo.gl/fbAQLP

exports[`should render PlaylistDashboardPage correctly 1`] = `
<div>
  <div
    className="page-header"
  >
    <div
      className="content-container-body"
    >
      <h2
        className="page-header__title"
      >
        บทสวดมนต์ของฉัน
      </h2>
      <button
        className="button--secondary"
      >
        <Link
          replace={false}
          to="/create"
        >
          + เพิ่มรายการ
        </Link>
      </button>
    </div>
  </div>
  <Connect(PlaylistList) />
</div>
`;
