// Jest Snapshot v1, https://goo.gl/fbAQLP

exports[`should render TransPrayerDashboardPage correctly 1`] = `
<div>
  <div
    className="page-header"
  >
    <div
      className="content-container-body"
    >
      <h2
        className="page-header__title"
      >
        สารบัญ
      </h2>
    </div>
  </div>
  <Connect(TransPrayerList) />
</div>
`;
